src/components/BlockEditor.tsx(824,9): error TS6133: 'openSlashMenu' is declared but its value is never read.
src/components/CycleAnalytics.tsx(802,65): error TS18048: 'percent' is possibly 'undefined'.
src/pages/CustomFieldsPage.tsx(174,21): error TS2769: No overload matches this call.
  Overload 1 of 2, '(props: { component: ElementType<any, keyof IntrinsicElements>; } & ChipOwnProps & ChipSlotsAndSlotProps & CommonProps & Omit<...>): Element | null', gave the following error.
    Type 'ReactNode' is not assignable to type 'ReactElement<unknown, string | JSXElementConstructor<any>> | undefined'.
      Type 'null' is not assignable to type 'ReactElement<unknown, string | JSXElementConstructor<any>> | undefined'.
  Overload 2 of 2, '(props: DefaultComponentProps<ChipTypeMap<{}, "div">>): Element | null', gave the following error.
    Type 'ReactNode' is not assignable to type 'ReactElement<unknown, string | JSXElementConstructor<any>> | undefined'.
      Type 'null' is not assignable to type 'ReactElement<unknown, string | JSXElementConstructor<any>> | undefined'.
src/pages/InboxPage.tsx(12,1): error TS6133: 'InboxIcon' is declared but its value is never read.
src/pages/Settings.tsx(353,103): error TS6133: 'x' is declared but its value is never read.
src/pages/TimeTrackingPage.tsx(125,12): error TS2769: No overload matches this call.
  Overload 1 of 2, '(props: { component: ElementType<any, keyof IntrinsicElements>; } & GridBaseProps & { sx?: SxProps<Theme> | undefined; } & SystemProps<...> & Omit<...>): Element | null', gave the following error.
    Property 'component' is missing in type '{ children: Element; xs: number; sm: number; }' but required in type '{ component: ElementType<any, keyof IntrinsicElements>; }'.
  Overload 2 of 2, '(props: DefaultComponentProps<GridTypeMap<{}, "div">>): Element | null', gave the following error.
    Type '{ children: Element; xs: number; sm: number; }' is not assignable to type 'IntrinsicAttributes & GridBaseProps & { sx?: SxProps<Theme> | undefined; } & SystemProps<Theme> & Omit<...>'.
      Property 'xs' does not exist on type 'IntrinsicAttributes & GridBaseProps & { sx?: SxProps<Theme> | undefined; } & SystemProps<Theme> & Omit<...>'.
src/pages/TimeTrackingPage.tsx(134,12): error TS2769: No overload matches this call.
  Overload 1 of 2, '(props: { component: ElementType<any, keyof IntrinsicElements>; } & GridBaseProps & { sx?: SxProps<Theme> | undefined; } & SystemProps<...> & Omit<...>): Element | null', gave the following error.
    Property 'component' is missing in type '{ children: Element; item: true; xs: number; sm: number; }' but required in type '{ component: ElementType<any, keyof IntrinsicElements>; }'.
  Overload 2 of 2, '(props: DefaultComponentProps<GridTypeMap<{}, "div">>): Element | null', gave the following error.
    Type '{ children: Element; item: true; xs: number; sm: number; }' is not assignable to type 'IntrinsicAttributes & GridBaseProps & { sx?: SxProps<Theme> | undefined; } & SystemProps<Theme> & Omit<...>'.
      Property 'item' does not exist on type 'IntrinsicAttributes & GridBaseProps & { sx?: SxProps<Theme> | undefined; } & SystemProps<Theme> & Omit<...>'.
src/pages/TimeTrackingPage.tsx(143,12): error TS2769: No overload matches this call.
  Overload 1 of 2, '(props: { component: ElementType<any, keyof IntrinsicElements>; } & GridBaseProps & { sx?: SxProps<Theme> | undefined; } & SystemProps<...> & Omit<...>): Element | null', gave the following error.
    Property 'component' is missing in type '{ children: Element; item: true; xs: number; sm: number; }' but required in type '{ component: ElementType<any, keyof IntrinsicElements>; }'.
  Overload 2 of 2, '(props: DefaultComponentProps<GridTypeMap<{}, "div">>): Element | null', gave the following error.
    Type '{ children: Element; item: true; xs: number; sm: number; }' is not assignable to type 'IntrinsicAttributes & GridBaseProps & { sx?: SxProps<Theme> | undefined; } & SystemProps<Theme> & Omit<...>'.
      Property 'item' does not exist on type 'IntrinsicAttributes & GridBaseProps & { sx?: SxProps<Theme> | undefined; } & SystemProps<Theme> & Omit<...>'.
src/services/automationService.ts(31,5): error TS2322: Type '{ type: string; from?: string | undefined; to?: string | undefined; }' is not assignable to type 'AutomationTrigger'.
  Types of property 'type' are incompatible.
    Type 'string' is not assignable to type '"status_change"'.
src/services/commentService.ts(3,10): error TS2614: Module '"./apiClient"' has no exported member 'apiGet'. Did you mean to use 'import apiGet from "./apiClient"' instead?
src/services/commentService.ts(3,18): error TS2614: Module '"./apiClient"' has no exported member 'apiPost'. Did you mean to use 'import apiPost from "./apiClient"' instead?
src/services/commentService.ts(3,27): error TS2614: Module '"./apiClient"' has no exported member 'apiDelete'. Did you mean to use 'import apiDelete from "./apiClient"' instead?
src/services/commentService.ts(3,43): error TS2614: Module '"./apiClient"' has no exported member 'PaginatedResponse'. Did you mean to use 'import PaginatedResponse from "./apiClient"' instead?
src/services/mock/MockAuthProvider.tsx(5,30): error TS2307: Cannot find module './mockData' or its corresponding type declarations.
src/services/mock/mockServices.ts(5,23): error TS2307: Cannot find module './mockData' or its corresponding type declarations.
src/services/mock/mockServices.ts(104,17): error TS6133: 'userId' is declared but its value is never read.
src/services/okrService.ts(47,5): error TS2561: Object literal may only specify known properties, but 'ownerUid' does not exist in type 'Objective'. Did you mean to write 'ownerId'?
src/services/opsService.ts(53,134): error TS2353: Object literal may only specify known properties, and 'decidedBy' does not exist in type 'Decision'.
src/services/opsService.ts(53,187): error TS2339: Property 'status' does not exist on type 'Decision'.
src/services/opsService.ts(57,132): error TS2353: Object literal may only specify known properties, and 'description' does not exist in type 'Handoff'.
src/services/opsService.ts(61,198): error TS2353: Object literal may only specify known properties, and 'reportedBy' does not exist in type 'Issue'.
src/services/savedViewService.ts(26,5): error TS2322: Type 'string | undefined' is not assignable to type 'string'.
  Type 'undefined' is not assignable to type 'string'.
src/services/savedViewService.ts(27,40): error TS2339: Property 'viewType' does not exist on type 'CustomView'.
src/services/savedViewService.ts(46,20): error TS2339: Property 'viewType' does not exist on type 'Omit<CustomView, "id" | "createdAt">'.
src/services/taskService.ts(5,65): error TS6196: 'TaskRelation' is declared but never used.
src/services/wikiService.ts(32,5): error TS2353: Object literal may only specify known properties, and 'blocks' does not exist in type 'WikiDocument'.
src/services/wikiService.ts(57,18): error TS2339: Property 'blocks' does not exist on type 'Omit<WikiDocument, "id" | "createdAt">'.
src/services/workspaceService.ts(7,1): error TS6133: 'format' is declared but its value is never read.
src/types/index.ts(10,40): error TS2305: Module '"./github"' has no exported member 'GitHubPR'.
