[36mvite v7.3.1 [32mbuilding client environment for production...[36m[39m
transforming...
[32m✓[39m 2750 modules transformed.
node.exe : [31m✗[39m Build fai
led in 10.71s
위치 C:\Program Files\nodejs\npx.p
s1:29 문자:3
+   & $NODE_EXE $NPX_CLI_JS $arg
s
+   ~~~~~~~~~~~~~~~~~~~~~~~~~~~~
~
    + CategoryInfo          : N 
   otSpecified: ([31m✗[39m B  
  uild failed in 10.71s:Strin   
 g) [], RemoteException
    + FullyQualifiedErrorId : N 
   ativeCommandError
 
[31merror during build:
[31m[commonjs--resolver] Failed
 to resolve entry for package "@
tiptap/pm". The package may have
 incorrect main/module/exports s
pecified in its package.json: Mi
ssing "." specifier in "@tiptap/
pm" package[31m
    at packageEntryFailure (file
:///C:/Users/rajh0/github/Jambo/
TaskFlow/node_modules/vite/dist/
node/chunks/config.js:32816:32)
    at resolvePackageEntry (file
:///C:/Users/rajh0/github/Jambo/
TaskFlow/node_modules/vite/dist/
node/chunks/config.js:32811:3)
    at tryNodeResolve (file:///C
:/Users/rajh0/github/Jambo/TaskF
low/node_modules/vite/dist/node/
chunks/config.js:32716:70)
    at Object.handler (file:///C
:/Users/rajh0/github/Jambo/TaskF
low/node_modules/vite/dist/node/
chunks/config.js:32555:16)
    at Object.handler (file:///C
:/Users/rajh0/github/Jambo/TaskF
low/node_modules/vite/dist/node/
chunks/config.js:33706:13)
    at file:///C:/Users/rajh0/gi
thub/Jambo/TaskFlow/node_modules
/rollup/dist/es/shared/node-entr
y.js:22548:40
    at async PluginDriver.hookFi
rstAndGetPlugin (file:///C:/User
s/rajh0/github/Jambo/TaskFlow/no
de_modules/rollup/dist/es/shared
/node-entry.js:22430:28)
    at async resolveId (file:///
C:/Users/rajh0/github/Jambo/Task
Flow/node_modules/rollup/dist/es
/shared/node-entry.js:20889:26)
    at async ModuleLoader.resolv
eId (file:///C:/Users/rajh0/gith
ub/Jambo/TaskFlow/node_modules/r
ollup/dist/es/shared/node-entry.
js:21335:15)
    at async Object.resolveId (f
ile:///C:/Users/rajh0/github/Jam
bo/TaskFlow/node_modules/vite/di
st/node/chunks/config.js:4154:21
)[39m
